[Licensing::Module] Trying to connect to existing licensing client channel...
Built from '6000.3/staging' branch; Version is '6000.3.10f1 (e35f0c77bd8e) revision 14901004'; Using compiler version '194234433'; Build Type 'Release'
OS: 'Windows 11  (10.0.26200) Core' Language: 'en' Physical Memory: 16087 MB
[Licensing::IpcConnector] Successfully connected to: "LicenseClient-benja" at "2026-07-26T07:28:58.542543Z"
BatchMode: 1, IsHumanControllingUs: 0, StartBugReporterOnCrash: 0, Is64bit: 1
System  architecture: x64
Process architecture: x64
Date: 2026-07-26T07:28:58Z

COMMAND LINE ARGUMENTS:
C:\Program Files\Unity\Hub\Editor\6000.3.10f1\Editor\Unity.exe
-adb2
-batchMode
-noUpm
-name
AssetImportWorker2
-projectPath
C:/Users/benja/OneDrive/Documents/GitHub/Ashra-Share/Ashra-Sharing
-logFile
Logs/AssetImportWorker2.log
-srvPort
50014
-job-worker-count
5
-background-job-worker-count
8
-gc-helper-count
1
-name
AssetImport
Successfully changed project path to: C:/Users/benja/OneDrive/Documents/GitHub/Ashra-Share/Ashra-Sharing
C:/Users/benja/OneDrive/Documents/GitHub/Ashra-Share/Ashra-Sharing
[UnityMemory] Configuration Parameters - Can be set up in boot.config
    "memorysetup-temp-allocator-size-nav-mesh-worker=65536"
    "memorysetup-temp-allocator-size-audio-worker=65536"
    "memorysetup-temp-allocator-size-gfx=262144"
    "memorysetup-allocator-temp-initial-block-size-main=262144"
    "memorysetup-allocator-temp-initial-block-size-worker=262144"
    "memorysetup-temp-allocator-size-background-worker=32768"
    "memorysetup-temp-allocator-size-job-worker=262144"
    "memorysetup-temp-allocator-size-preload-manager=33554432"
    "memorysetup-temp-allocator-size-gi-baking-worker=262144"
    "memorysetup-temp-allocator-size-gi-baking-worker=262144"
    "memorysetup-temp-allocator-size-gi-baking-worker=262144"
    "memorysetup-temp-allocator-size-gi-baking-worker=262144"
    "memorysetup-temp-allocator-size-gi-baking-worker=262144"
    "memorysetup-bucket-allocator-granularity=16"
    "memorysetup-bucket-allocator-bucket-count=8"
    "memorysetup-bucket-allocator-block-size=33554432"
    "memorysetup-bucket-allocator-block-count=8"
    "memorysetup-main-allocator-block-size=16777216"
    "memorysetup-thread-allocator-block-size=16777216"
    "memorysetup-gfx-main-allocator-block-size=16777216"
    "memorysetup-gfx-thread-allocator-block-size=16777216"
    "memorysetup-cache-allocator-block-size=4194304"
    "memorysetup-typetree-allocator-block-size=2097152"
    "memorysetup-profiler-bucket-allocator-granularity=16"
    "memorysetup-profiler-bucket-allocator-bucket-count=8"
    "memorysetup-profiler-bucket-allocator-block-size=33554432"
    "memorysetup-profiler-bucket-allocator-block-count=8"
    "memorysetup-profiler-allocator-block-size=16777216"
    "memorysetup-profiler-editor-allocator-block-size=1048576"
    "memorysetup-temp-allocator-size-main=16777216"
    "memorysetup-job-temp-allocator-block-size=2097152"
    "memorysetup-job-temp-allocator-block-size-background=1048576"
    "memorysetup-job-temp-allocator-reduction-small-platforms=262144"
    "memorysetup-temp-allocator-size-cloud-worker=32768"
Player connection [39220]  Target information:

Player connection [39220]  * "[IP] 192.168.86.233 [Port] 0 [Flags] 2 [Guid] 3974286539 [EditorId] 3974286539 [Version] 1048832 [Id] WindowsEditor(7,BensLaptop) [Debug] 1 [PackageName] WindowsEditor [ProjectName] Editor" 

Player connection [39220] Host joined multi-casting on [225.0.0.222:54997]...
Player connection [39220] Host joined alternative multi-casting on [225.0.0.222:34997]...
JobSystem: Creating JobQueue using job-worker-count value 5
Input System module state changed to: Initialized.
[Physics::Module] Initialized fallback backend.
[Physics::Module] Id: 0xdecafbad
Library Redirect Path: Library/
[Physics::Module] Selected backend.
[Physics::Module] Name: PhysX
[Physics::Module] Id: 0xf2b8ea05
[Physics::Module] SDK Version: 4.1.2
[Physics::Module] Integration Version: 1.0.0
[Physics::Module] Threading Mode: Multi-Threaded
Refreshing native plugins compatible for Editor in 70.55 ms, found 3 plugins.
Preloading 0 native plugins for Editor in 0.00 ms.
Initialize engine version: 6000.3.10f1 (e35f0c77bd8e)
[Subsystems] Discovering subsystems at path C:/Program Files/Unity/Hub/Editor/6000.3.10f1/Editor/Data/Resources/UnitySubsystems
[Subsystems] Discovering subsystems at path C:/Users/benja/OneDrive/Documents/GitHub/Ashra-Share/Ashra-Sharing/Assets
GfxDevice: creating device client; kGfxThreadingModeNonThreaded
Direct3D:
    Version:  Direct3D 11.0 [level 11.1]
    Renderer: NVIDIA GeForce RTX 4050 Laptop GPU (ID=0x28a1)
    Vendor:   NVIDIA
    VRAM:     5921 MB
    Driver:   31.0.15.5161
Initialize mono
Mono path[0] = 'C:/Program Files/Unity/Hub/Editor/6000.3.10f1/Editor/Data/Managed'
Mono path[1] = 'C:/Program Files/Unity/Hub/Editor/6000.3.10f1/Editor/Data/MonoBleedingEdge/lib/mono/unityjit-win32'
Mono config path = 'C:/Program Files/Unity/Hub/Editor/6000.3.10f1/Editor/Data/MonoBleedingEdge/etc'
Using monoOptions --debugger-agent=transport=dt_socket,embedding=1,server=y,suspend=n,address=127.0.0.1:56024
Begin MonoManager ReloadAssembly
Registering precompiled unity dll's ...
Register platform support module: C:/Program Files/Unity/Hub/Editor/6000.3.10f1/Editor/Data/PlaybackEngines/WebGLSupport/UnityEditor.WebGL.Extensions.dll
Register platform support module: C:/Program Files/Unity/Hub/Editor/6000.3.10f1/Editor/Data/PlaybackEngines/WindowsStandaloneSupport/UnityEditor.WindowsStandalone.Extensions.dll
Registered in 0.004370 seconds.
- Loaded All Assemblies, in  0.845 seconds
Native extension for WindowsStandalone target not found
Native extension for WebGL target not found
ScheduleIndexationOnStartup MainProcess:False IndexOnStartup:True
Mono: successfully reloaded assembly
- Finished resetting the current domain, in  0.840 seconds
Domain Reload Profiling: 1679ms
	BeginReloadAssembly (316ms)
		ExecutionOrderSort (0ms)
		DisableScriptedObjects (0ms)
		BackupInstance (0ms)
		ReleaseScriptingObjects (0ms)
		CreateAndSetChildDomain (1ms)
	RebuildCommonClasses (66ms)
	RebuildNativeTypeToScriptingClass (18ms)
	initialDomainReloadingComplete (85ms)
	LoadAllAssembliesAndSetupDomain (353ms)
		LoadAssemblies (308ms)
		RebuildTransferFunctionScriptingTraits (0ms)
		AnalyzeDomain (347ms)
			TypeCache.Refresh (344ms)
				TypeCache.ScanAssembly (318ms)
			BuildScriptInfoCaches (0ms)
			ResolveRequiredComponents (1ms)
	FinalizeReload (841ms)
		ReleaseScriptCaches (0ms)
		RebuildScriptCaches (0ms)
		SetupLoadedEditorAssemblies (717ms)
			LogAssemblyErrors (0ms)
			InitializePlatformSupportModulesInManaged (125ms)
			SetLoadedEditorAssemblies (9ms)
			BeforeProcessingInitializeOnLoad (118ms)
			ProcessInitializeOnLoadAttributes (257ms)
			ProcessInitializeOnLoadMethodAttributes (207ms)
			AfterProcessingInitializeOnLoad (0ms)
			EditorAssembliesLoaded (0ms)
		ExecutionOrderSort2 (0ms)
		AwakeInstancesAfterBackupRestoration (0ms)
========================================================================
Worker process is ready to serve import requests
Import Worker Mode flag is 0x00
Begin MonoManager ReloadAssembly
[Licensing::Module] Licensing is not yet initialized.
[Licensing::Client] Handshaking with LicensingClient:
  Version:                 1.17.4+4293ba1
  Session Id:              f0a98ba61bd5411f85606be8b179f69e
  Correlation Id:          049d3ba01528872134e2f4639b632deb
  External correlation Id: 7008995020173561853
  Machine Id:              CxVIKdWPdbrvoJZC2hxC15WISJs=
[Licensing::Module] Successfully connected to LicensingClient on channel: "LicenseClient-benja" (connect: 0.00s, validation: 0.01s, handshake: 4.31s)
[Licensing::IpcConnector] Successfully connected to: "LicenseClient-benja-notifications" at "2026-07-26T07:29:02.8540598Z"
[Licensing::Module] Licensing Background thread has ended after 4.31s
[Licensing::Module] Licensing is initialized (took 0.08s).
[Licensing::Client] Successfully resolved entitlement details
[Licensing::Module] License group:
  Id: 16768338616890-UnityPersXXXX
  Product: Unity Personal
  Type: Assigned
  Expiration: Unlimited
- Loaded All Assemblies, in  1.974 seconds
Refreshing native plugins compatible for Editor in 1.31 ms, found 3 plugins.
Native extension for WindowsStandalone target not found
Native extension for WebGL target not found
Package Manager log level set to [2]
[Package Manager] Failed to launch server process. Reason: Unity was launched with the -noUpm command-line argument
[Package Manager] Unable to send message (not connected to server process).
[Package Manager] Cannot connect to Unity Package Manager local server
ScheduleIndexationOnStartup MainProcess:False IndexOnStartup:True
Mono: successfully reloaded assembly
- Finished resetting the current domain, in  2.126 seconds
Domain Reload Profiling: 4086ms
	BeginReloadAssembly (443ms)
		ExecutionOrderSort (0ms)
		DisableScriptedObjects (15ms)
		BackupInstance (0ms)
		ReleaseScriptingObjects (0ms)
		CreateAndSetChildDomain (65ms)
	RebuildCommonClasses (83ms)
	RebuildNativeTypeToScriptingClass (32ms)
	initialDomainReloadingComplete (100ms)
	LoadAllAssembliesAndSetupDomain (1301ms)
		LoadAssemblies (869ms)
		RebuildTransferFunctionScriptingTraits (0ms)
		AnalyzeDomain (617ms)
			TypeCache.Refresh (417ms)
				TypeCache.ScanAssembly (383ms)
			BuildScriptInfoCaches (165ms)
			ResolveRequiredComponents (28ms)
	FinalizeReload (2127ms)
		ReleaseScriptCaches (0ms)
		RebuildScriptCaches (0ms)
		SetupLoadedEditorAssemblies (1640ms)
			LogAssemblyErrors (0ms)
			InitializePlatformSupportModulesInManaged (9ms)
			SetLoadedEditorAssemblies (9ms)
			BeforeProcessingInitializeOnLoad (346ms)
			ProcessInitializeOnLoadAttributes (1141ms)
			ProcessInitializeOnLoadMethodAttributes (121ms)
			AfterProcessingInitializeOnLoad (14ms)
			EditorAssembliesLoaded (1ms)
		ExecutionOrderSort2 (0ms)
		AwakeInstancesAfterBackupRestoration (13ms)
Launched and connected shader compiler UnityShaderCompiler.exe after 0.43 seconds
Refreshing native plugins compatible for Editor in 1.98 ms, found 3 plugins.
Preloading 0 native plugins for Editor in 0.00 ms.
Unloading 16 Unused Serialized files (Serialized files now loaded: 0)
Unloading 6185 unused Assets / (4.5 MB). Loaded Objects now: 6984.
Memory consumption went from 144.1 MB to 139.6 MB.
Total: 11.752000 ms (FindLiveObjects: 1.575100 ms CreateObjectMapping: 0.724400 ms MarkObjects: 7.088700 ms  DeleteObjects: 2.361800 ms)

========================================================================
Received Import Request.
  Time since last request: 425236.662998 seconds.
  path: Assets/Scenes/Village 1.unity
  artifactKey: Guid(0f63f33c87489d3469332c5f60c8ad48) Importer(2089858483,b0f066a214c2f5e87bad3c948f4d605d)
Start importing Assets/Scenes/Village 1.unity using Guid(0f63f33c87489d3469332c5f60c8ad48) Importer(2089858483,b0f066a214c2f5e87bad3c948f4d605d) (ScriptedImporter) -> (artifact id: '1ca03afcdc016702df3d0e36457de7d1') in 0.3602322 seconds
Number of updated asset objects reloaded before import = 0Number of asset objects unloaded after import = 1

========================================================================
Received Import Request.
  Time since last request: 0.090040 seconds.
  path: Assets/Scenes/Village 1.unity
  artifactKey: Guid(0f63f33c87489d3469332c5f60c8ad48) Importer(815301076,1909f56bfc062723c751e8b465ee728b)
Start importing Assets/Scenes/Village 1.unity using Guid(0f63f33c87489d3469332c5f60c8ad48) Importer(815301076,1909f56bfc062723c751e8b465ee728b) (PreviewImporter) -> (artifact id: '52dff3cd9e64b8c0084efee3fc0c8430') in 0.0024125 seconds
Number of updated asset objects reloaded before import = 0Number of asset objects unloaded after import = 0

========================================================================
Received Import Request.
  Time since last request: 35.976629 seconds.
  path: Assets/Animation/Ashra Bandit Walking Spirtsheet_0.controller
  artifactKey: Guid(75443dd9586c749449dfb1a27586052d) Importer(2089858483,b0f066a214c2f5e87bad3c948f4d605d)
Start importing Assets/Animation/Ashra Bandit Walking Spirtsheet_0.controller using Guid(75443dd9586c749449dfb1a27586052d) Importer(2089858483,b0f066a214c2f5e87bad3c948f4d605d) (ScriptedImporter) -> (artifact id: 'da9986231ff1e7695669cb8e674bb9aa') in 0.1245368 seconds
Number of updated asset objects reloaded before import = 0Number of asset objects unloaded after import = 14

========================================================================
Received Import Request.
  Time since last request: 0.000041 seconds.
  path: Assets/Animation/VillagerIdle.anim
  artifactKey: Guid(85c837b9fc952764694045cb8c0f7d1b) Importer(2089858483,b0f066a214c2f5e87bad3c948f4d605d)
Start importing Assets/Animation/VillagerIdle.anim using Guid(85c837b9fc952764694045cb8c0f7d1b) Importer(2089858483,b0f066a214c2f5e87bad3c948f4d605d) (ScriptedImporter) -> (artifact id: 'ace2d2fc9662c78f534712b093b8c4d3') in 0.1595061 seconds
Number of updated asset objects reloaded before import = 0Number of asset objects unloaded after import = 1

========================================================================
Received Import Request.
  Time since last request: 0.000027 seconds.
  path: Assets/Animation/VillagerRun.anim
  artifactKey: Guid(9f4104e4079d15b49a11b662913b39b3) Importer(2089858483,b0f066a214c2f5e87bad3c948f4d605d)
Start importing Assets/Animation/VillagerRun.anim using Guid(9f4104e4079d15b49a11b662913b39b3) Importer(2089858483,b0f066a214c2f5e87bad3c948f4d605d) (ScriptedImporter) -> (artifact id: '6df59280bfea37d9b338e24b3d9b3cb0') in 0.047706 seconds
Number of updated asset objects reloaded before import = 0Number of asset objects unloaded after import = 1

========================================================================
Received Import Request.
  Time since last request: 0.000028 seconds.
  path: Assets/Animation/BanditRun.anim
  artifactKey: Guid(2951a93516d31c44fafd9f42d3074a68) Importer(2089858483,b0f066a214c2f5e87bad3c948f4d605d)
Start importing Assets/Animation/BanditRun.anim using Guid(2951a93516d31c44fafd9f42d3074a68) Importer(2089858483,b0f066a214c2f5e87bad3c948f4d605d) (ScriptedImporter) -> (artifact id: 'b15859bd44d5167c3b5fb333ef013bcc') in 0.0393321 seconds
Number of updated asset objects reloaded before import = 0Number of asset objects unloaded after import = 1

========================================================================
Received Import Request.
  Time since last request: 0.000046 seconds.
  path: Assets/Animation
  artifactKey: Guid(d3068a6456799bd48a34acdbbd700c01) Importer(2089858483,b0f066a214c2f5e87bad3c948f4d605d)
Start importing Assets/Animation using Guid(d3068a6456799bd48a34acdbbd700c01) Importer(2089858483,b0f066a214c2f5e87bad3c948f4d605d) (ScriptedImporter) -> (artifact id: '30c1f4bf80b0b5b7ee9e4f49ade22a8f') in 0.0408182 seconds
Number of updated asset objects reloaded before import = 0Number of asset objects unloaded after import = 1

========================================================================
Received Import Request.
  Time since last request: 0.000064 seconds.
  path: Assets/Animation/Ashra Player Walking Spirtsheet_0 1.controller
  artifactKey: Guid(c64e096469cd8d1428b4f021607e7433) Importer(2089858483,b0f066a214c2f5e87bad3c948f4d605d)
Start importing Assets/Animation/Ashra Player Walking Spirtsheet_0 1.controller using Guid(c64e096469cd8d1428b4f021607e7433) Importer(2089858483,b0f066a214c2f5e87bad3c948f4d605d) (ScriptedImporter) -> (artifact id: '851259fd7823fb9be92b7f3589e0d83e') in 0.0427191 seconds
Number of updated asset objects reloaded before import = 0Number of asset objects unloaded after import = 4

========================================================================
Received Import Request.
  Time since last request: 0.000030 seconds.
  path: Assets/Animation/PlayerTestWalkingAnimation.anim
  artifactKey: Guid(6a2eee66700b2b1469ce181a5218c699) Importer(2089858483,b0f066a214c2f5e87bad3c948f4d605d)
Start importing Assets/Animation/PlayerTestWalkingAnimation.anim using Guid(6a2eee66700b2b1469ce181a5218c699) Importer(2089858483,b0f066a214c2f5e87bad3c948f4d605d) (ScriptedImporter) -> (artifact id: 'c870c946a62e72f9acafc3716ce1d028') in 0.0465785 seconds
Number of updated asset objects reloaded before import = 0Number of asset objects unloaded after import = 1

========================================================================
Received Import Request.
  Time since last request: 0.000037 seconds.
  path: Assets/Animation/BanditSwordAttack.anim
  artifactKey: Guid(8014565f5014fa247a14104bed05b0dc) Importer(2089858483,b0f066a214c2f5e87bad3c948f4d605d)
Start importing Assets/Animation/BanditSwordAttack.anim using Guid(8014565f5014fa247a14104bed05b0dc) Importer(2089858483,b0f066a214c2f5e87bad3c948f4d605d) (ScriptedImporter) -> (artifact id: 'e2dcc9adc97cc4bb96b54fb8608459f1') in 0.0422144 seconds
Number of updated asset objects reloaded before import = 0Number of asset objects unloaded after import = 1

========================================================================
Received Import Request.
  Time since last request: 0.000032 seconds.
  path: Assets/Animation/PlayerStoneSwordAttack.anim
  artifactKey: Guid(56194ecf73900e84cb722f299e001c44) Importer(2089858483,b0f066a214c2f5e87bad3c948f4d605d)
Start importing Assets/Animation/PlayerStoneSwordAttack.anim using Guid(56194ecf73900e84cb722f299e001c44) Importer(2089858483,b0f066a214c2f5e87bad3c948f4d605d) (ScriptedImporter) -> (artifact id: '07e96dfa739ed3358fd140d9f60e36cb') in 0.0421453 seconds
Number of updated asset objects reloaded before import = 0Number of asset objects unloaded after import = 1

========================================================================
Received Import Request.
  Time since last request: 0.000022 seconds.
  path: Assets/Animation/PlayerIdle.anim
  artifactKey: Guid(168f1b2d826039e4bade7c25c463a202) Importer(2089858483,b0f066a214c2f5e87bad3c948f4d605d)
Start importing Assets/Animation/PlayerIdle.anim using Guid(168f1b2d826039e4bade7c25c463a202) Importer(2089858483,b0f066a214c2f5e87bad3c948f4d605d) (ScriptedImporter) -> (artifact id: '79538a9ec6aa556bf4e073b767412e73') in 0.0461076 seconds
Number of updated asset objects reloaded before import = 0Number of asset objects unloaded after import = 1

========================================================================
Received Import Request.
  Time since last request: 0.000019 seconds.
  path: Assets/Animation/Ashra Player Idle Spritsheet_0.controller
  artifactKey: Guid(4b4a12c00c6c92a43a3278a56f6b7354) Importer(2089858483,b0f066a214c2f5e87bad3c948f4d605d)
Start importing Assets/Animation/Ashra Player Idle Spritsheet_0.controller using Guid(4b4a12c00c6c92a43a3278a56f6b7354) Importer(2089858483,b0f066a214c2f5e87bad3c948f4d605d) (ScriptedImporter) -> (artifact id: '133c8028cd2583fb52b76ba4a86de465') in 0.0399 seconds
Number of updated asset objects reloaded before import = 0Number of asset objects unloaded after import = 4

========================================================================
Received Import Request.
  Time since last request: 0.000063 seconds.
  path: Assets/Animation/PlayerWoodSwordAttack.anim
  artifactKey: Guid(6b4c568154499a54098bf80b8b0defeb) Importer(2089858483,b0f066a214c2f5e87bad3c948f4d605d)
Start importing Assets/Animation/PlayerWoodSwordAttack.anim using Guid(6b4c568154499a54098bf80b8b0defeb) Importer(2089858483,b0f066a214c2f5e87bad3c948f4d605d) (ScriptedImporter) -> (artifact id: 'c5e1179dbd4dac1790d08f5423cf97fd') in 0.0465064 seconds
Number of updated asset objects reloaded before import = 0Number of asset objects unloaded after import = 1

========================================================================
Received Import Request.
  Time since last request: 4.035780 seconds.
  path: Assets/Buildings/Village/Materials/Village Destroyied House Back 2.mat
  artifactKey: Guid(6b7cc533fd699ec4ca7a0f16a0304546) Importer(2089858483,b0f066a214c2f5e87bad3c948f4d605d)
Start importing Assets/Buildings/Village/Materials/Village Destroyied House Back 2.mat using Guid(6b7cc533fd699ec4ca7a0f16a0304546) Importer(2089858483,b0f066a214c2f5e87bad3c948f4d605d) (ScriptedImporter) -> (artifact id: '7240c0f1c444e8230069db63b3250636') in 0.0515787 seconds
Number of updated asset objects reloaded before import = 0Number of asset objects unloaded after import = 2

========================================================================
Received Import Request.
  Time since last request: 0.000063 seconds.
  path: Assets/Buildings/Village/Village Objects/Materials/Ashra Sign.mat
  artifactKey: Guid(9582849afeb7b714bb2ec169317e0b40) Importer(2089858483,b0f066a214c2f5e87bad3c948f4d605d)
Start importing Assets/Buildings/Village/Village Objects/Materials/Ashra Sign.mat using Guid(9582849afeb7b714bb2ec169317e0b40) Importer(2089858483,b0f066a214c2f5e87bad3c948f4d605d) (ScriptedImporter) -> (artifact id: 'b0dff60508c12f5c0a82a1db9665cec4') in 0.0521258 seconds
Number of updated asset objects reloaded before import = 0Number of asset objects unloaded after import = 2

========================================================================
Received Import Request.
  Time since last request: 0.000031 seconds.
  path: Assets/Buildings/Bandits/Outposts/Bandit Outpost Pillar 3 Ashra.png
  artifactKey: Guid(c22bfe29444f53544a64bd32723e603e) Importer(2089858483,b0f066a214c2f5e87bad3c948f4d605d)
Start importing Assets/Buildings/Bandits/Outposts/Bandit Outpost Pillar 3 Ashra.png using Guid(c22bfe29444f53544a64bd32723e603e) Importer(2089858483,b0f066a214c2f5e87bad3c948f4d605d) (ScriptedImporter) -> (artifact id: '2bbdb3f44ee3be52b2cd7476be0d8e53') in 0.1324545 seconds
Number of updated asset objects reloaded before import = 0Number of asset objects unloaded after import = 3

========================================================================
Received Import Request.
  Time since last request: 0.000039 seconds.
  path: Assets/Buildings/Village/Materials/Village Destroyied House Front 1.mat
  artifactKey: Guid(a523a3d2091f0774ca08503a006bebc4) Importer(2089858483,b0f066a214c2f5e87bad3c948f4d605d)
Start importing Assets/Buildings/Village/Materials/Village Destroyied House Front 1.mat using Guid(a523a3d2091f0774ca08503a006bebc4) Importer(2089858483,b0f066a214c2f5e87bad3c948f4d605d) (ScriptedImporter) -> (artifact id: '8ddfb99a7a3bd9f748c1de53e7d1114f') in 0.0428787 seconds
Number of updated asset objects reloaded before import = 0Number of asset objects unloaded after import = 2

========================================================================
Received Import Request.
  Time since last request: 0.000023 seconds.
  path: Assets/Buildings/Village/Village House Back 1.png
  artifactKey: Guid(ab9f14a6aec6b804d96ef0300d319e26) Importer(2089858483,b0f066a214c2f5e87bad3c948f4d605d)
Start importing Assets/Buildings/Village/Village House Back 1.png using Guid(ab9f14a6aec6b804d96ef0300d319e26) Importer(2089858483,b0f066a214c2f5e87bad3c948f4d605d) (ScriptedImporter) -> (artifact id: 'e34ab97c5a37309ae555f97f22fc4481') in 0.0493349 seconds
Number of updated asset objects reloaded before import = 0Number of asset objects unloaded after import = 3

========================================================================
Received Import Request.
  Time since last request: 0.000023 seconds.
  path: Assets/Buildings/Village/Village Objects/Ashra Sign 1.png
  artifactKey: Guid(2c1d6a84eb99f9f48ae7918c61090520) Importer(2089858483,b0f066a214c2f5e87bad3c948f4d605d)
Start importing Assets/Buildings/Village/Village Objects/Ashra Sign 1.png using Guid(2c1d6a84eb99f9f48ae7918c61090520) Importer(2089858483,b0f066a214c2f5e87bad3c948f4d605d) (ScriptedImporter) -> (artifact id: 'c9c5fbfd529fd472b50abec8b689e839') in 0.0609302 seconds
Number of updated asset objects reloaded before import = 0Number of asset objects unloaded after import = 3

========================================================================
Received Import Request.
  Time since last request: 0.000079 seconds.
  path: Assets/Buildings/Village/Village Objects/Ashra Sign.png
  artifactKey: Guid(530b0e2b54f25094c861cf47003fd648) Importer(2089858483,b0f066a214c2f5e87bad3c948f4d605d)
Start importing Assets/Buildings/Village/Village Objects/Ashra Sign.png using Guid(530b0e2b54f25094c861cf47003fd648) Importer(2089858483,b0f066a214c2f5e87bad3c948f4d605d) (ScriptedImporter) -> (artifact id: '07c84f6e27e8110b28c9c55a3284c009') in 0.0500944 seconds
Number of updated asset objects reloaded before import = 0Number of asset objects unloaded after import = 3

========================================================================
Received Import Request.
  Time since last request: 0.000025 seconds.
  path: Assets/Buildings/Village/Village Objects/Materials
  artifactKey: Guid(82e965b8c44d0784398f1fe18d373a39) Importer(2089858483,b0f066a214c2f5e87bad3c948f4d605d)
Start importing Assets/Buildings/Village/Village Objects/Materials using Guid(82e965b8c44d0784398f1fe18d373a39) Importer(2089858483,b0f066a214c2f5e87bad3c948f4d605d) (ScriptedImporter) -> (artifact id: '38d58bd0d42cabb6f1a9c85bd037bd21') in 0.0406934 seconds
Number of updated asset objects reloaded before import = 0Number of asset objects unloaded after import = 1

========================================================================
Received Import Request.
  Time since last request: 0.000029 seconds.
  path: Assets/Buildings/Village/Village Objects
  artifactKey: Guid(f23efb048939d4247a6009eee58d6d5f) Importer(2089858483,b0f066a214c2f5e87bad3c948f4d605d)
Start importing Assets/Buildings/Village/Village Objects using Guid(f23efb048939d4247a6009eee58d6d5f) Importer(2089858483,b0f066a214c2f5e87bad3c948f4d605d) (ScriptedImporter) -> (artifact id: 'a05f0a1c9b73cdacfc0ba0cf7594a289') in 0.032721 seconds
Number of updated asset objects reloaded before import = 0Number of asset objects unloaded after import = 1

========================================================================
Received Import Request.
  Time since last request: 0.000031 seconds.
  path: Assets/Buildings/Village/Village Shop Top.png
  artifactKey: Guid(c3dc9be690a2a95409651d494d5fa767) Importer(2089858483,b0f066a214c2f5e87bad3c948f4d605d)
Start importing Assets/Buildings/Village/Village Shop Top.png using Guid(c3dc9be690a2a95409651d494d5fa767) Importer(2089858483,b0f066a214c2f5e87bad3c948f4d605d) (ScriptedImporter) -> (artifact id: '2d16afc6af315909e68ffb240651189e') in 0.0461469 seconds
Number of updated asset objects reloaded before import = 0Number of asset objects unloaded after import = 3

========================================================================
Received Import Request.
  Time since last request: 0.000022 seconds.
  path: Assets/Buildings/Village/Village House Back 2.png
  artifactKey: Guid(9d32771445de29a419bdfc7141214e70) Importer(2089858483,b0f066a214c2f5e87bad3c948f4d605d)
Start importing Assets/Buildings/Village/Village House Back 2.png using Guid(9d32771445de29a419bdfc7141214e70) Importer(2089858483,b0f066a214c2f5e87bad3c948f4d605d) (ScriptedImporter) -> (artifact id: 'c6392a8b5bb165c851a976913d7a0cac') in 0.0574302 seconds
Number of updated asset objects reloaded before import = 0Number of asset objects unloaded after import = 3

========================================================================
Received Import Request.
  Time since last request: 0.000027 seconds.
  path: Assets/Buildings/Village/Village House Front 2.png
  artifactKey: Guid(172564aca006faf4d8e29f0db2a0baaf) Importer(2089858483,b0f066a214c2f5e87bad3c948f4d605d)
Start importing Assets/Buildings/Village/Village House Front 2.png using Guid(172564aca006faf4d8e29f0db2a0baaf) Importer(2089858483,b0f066a214c2f5e87bad3c948f4d605d) (ScriptedImporter) -> (artifact id: '0a77319558c4e5f7f7256f3e277ec5ec') in 0.0383215 seconds
Number of updated asset objects reloaded before import = 0Number of asset objects unloaded after import = 3

========================================================================
Received Import Request.
  Time since last request: 0.000036 seconds.
  path: Assets/Buildings/Village/Village Objects/Village House Fence.png
  artifactKey: Guid(e2ba7765770fb1442ab59dc1ae350b77) Importer(2089858483,b0f066a214c2f5e87bad3c948f4d605d)
Start importing Assets/Buildings/Village/Village Objects/Village House Fence.png using Guid(e2ba7765770fb1442ab59dc1ae350b77) Importer(2089858483,b0f066a214c2f5e87bad3c948f4d605d) (ScriptedImporter) -> (artifact id: '7dec72317cd8d2d83ad113e89e2c549d') in 0.044376 seconds
Number of updated asset objects reloaded before import = 0Number of asset objects unloaded after import = 3

========================================================================
Received Import Request.
  Time since last request: 0.000026 seconds.
  path: Assets/Buildings/Player Home
  artifactKey: Guid(0425ed5622eb3e6429e375e93baa6a15) Importer(2089858483,b0f066a214c2f5e87bad3c948f4d605d)
Start importing Assets/Buildings/Player Home using Guid(0425ed5622eb3e6429e375e93baa6a15) Importer(2089858483,b0f066a214c2f5e87bad3c948f4d605d) (ScriptedImporter) -> (artifact id: '45a3c6a809309c3a9b9fd5d7d8708340') in 0.0500828 seconds
Number of updated asset objects reloaded before import = 0Number of asset objects unloaded after import = 1

========================================================================
Received Import Request.
  Time since last request: 0.000023 seconds.
  path: Assets/Buildings/Village/Materials/Village House Back 1.mat
  artifactKey: Guid(fb349ce2ea4ce6e4f8b0821280677aa2) Importer(2089858483,b0f066a214c2f5e87bad3c948f4d605d)
Start importing Assets/Buildings/Village/Materials/Village House Back 1.mat using Guid(fb349ce2ea4ce6e4f8b0821280677aa2) Importer(2089858483,b0f066a214c2f5e87bad3c948f4d605d) (ScriptedImporter) -> (artifact id: 'a3c5c5fc2c9a64045b4647310e7695a1') in 0.0398024 seconds
Number of updated asset objects reloaded before import = 0Number of asset objects unloaded after import = 2

========================================================================
Received Import Request.
  Time since last request: 0.000072 seconds.
  path: Assets/Buildings/Village/Village Double Shop.png
  artifactKey: Guid(562779b9b658084448c5def3620aae84) Importer(2089858483,b0f066a214c2f5e87bad3c948f4d605d)
Start importing Assets/Buildings/Village/Village Double Shop.png using Guid(562779b9b658084448c5def3620aae84) Importer(2089858483,b0f066a214c2f5e87bad3c948f4d605d) (ScriptedImporter) -> (artifact id: 'f91bbb161be0f26386dc328b0cefd0a3') in 0.0603141 seconds
Number of updated asset objects reloaded before import = 0Number of asset objects unloaded after import = 3

========================================================================
Received Import Request.
  Time since last request: 0.000047 seconds.
  path: Assets/Buildings/Village
  artifactKey: Guid(98af2e64216ef074f82e21daee631d99) Importer(2089858483,b0f066a214c2f5e87bad3c948f4d605d)
Start importing Assets/Buildings/Village using Guid(98af2e64216ef074f82e21daee631d99) Importer(2089858483,b0f066a214c2f5e87bad3c948f4d605d) (ScriptedImporter) -> (artifact id: 'b94c1ae05b84b3cc692f343916fd3763') in 0.0403387 seconds
Number of updated asset objects reloaded before import = 0Number of asset objects unloaded after import = 1

========================================================================
Received Import Request.
  Time since last request: 0.000033 seconds.
  path: Assets/Buildings/Player Home/Player House.png
  artifactKey: Guid(34c8980fb4906cb47a68e6c67f9bb01c) Importer(2089858483,b0f066a214c2f5e87bad3c948f4d605d)
Start importing Assets/Buildings/Player Home/Player House.png using Guid(34c8980fb4906cb47a68e6c67f9bb01c) Importer(2089858483,b0f066a214c2f5e87bad3c948f4d605d) (ScriptedImporter) -> (artifact id: '8a97e04bc1c3f60b388e62088ae9d54d') in 0.040363 seconds
Number of updated asset objects reloaded before import = 0Number of asset objects unloaded after import = 3

========================================================================
Received Import Request.
  Time since last request: 2.916305 seconds.
  path: Assets/Items/Resources
  artifactKey: Guid(4fba2372e5c82a3438780685f1b7fd2a) Importer(2089858483,b0f066a214c2f5e87bad3c948f4d605d)
Start importing Assets/Items/Resources using Guid(4fba2372e5c82a3438780685f1b7fd2a) Importer(2089858483,b0f066a214c2f5e87bad3c948f4d605d) (ScriptedImporter) -> (artifact id: 'df7ee8467c85b8240d2a5bdb250c8c6e') in 0.0492055 seconds
Number of updated asset objects reloaded before import = 0Number of asset objects unloaded after import = 1

========================================================================
Received Import Request.
  Time since last request: 0.000041 seconds.
  path: Assets/Items/Resources/Stone Icon Scaled To Fit Ashra.png
  artifactKey: Guid(e5b0ecd3b4906d145b26697565217c68) Importer(2089858483,b0f066a214c2f5e87bad3c948f4d605d)
Start importing Assets/Items/Resources/Stone Icon Scaled To Fit Ashra.png using Guid(e5b0ecd3b4906d145b26697565217c68) Importer(2089858483,b0f066a214c2f5e87bad3c948f4d605d) (ScriptedImporter) -> (artifact id: '2072abe18e7e87edae1f491909e97e58') in 0.0449987 seconds
Number of updated asset objects reloaded before import = 0Number of asset objects unloaded after import = 3

========================================================================
Received Import Request.
  Time since last request: 0.000034 seconds.
  path: Assets/Items/Resources/Wheat Icon Dark Ashra.png
  artifactKey: Guid(75c057e2c467f37448fe669137c3f70a) Importer(2089858483,b0f066a214c2f5e87bad3c948f4d605d)
Start importing Assets/Items/Resources/Wheat Icon Dark Ashra.png using Guid(75c057e2c467f37448fe669137c3f70a) Importer(2089858483,b0f066a214c2f5e87bad3c948f4d605d) (ScriptedImporter) -> (artifact id: '579d3e448633efaa2260a6e637c201d0') in 0.0453736 seconds
Number of updated asset objects reloaded before import = 0Number of asset objects unloaded after import = 3

========================================================================
Received Import Request.
  Time since last request: 0.000038 seconds.
  path: Assets/Items/Resources/Stone Icon With Background Ashra.png
  artifactKey: Guid(17125818781250c42a2b06518c09ed59) Importer(2089858483,b0f066a214c2f5e87bad3c948f4d605d)
Start importing Assets/Items/Resources/Stone Icon With Background Ashra.png using Guid(17125818781250c42a2b06518c09ed59) Importer(2089858483,b0f066a214c2f5e87bad3c948f4d605d) (ScriptedImporter) -> (artifact id: '39aaf18171afd1aa0c568dc7c279a5e5') in 0.0401578 seconds
Number of updated asset objects reloaded before import = 0Number of asset objects unloaded after import = 3

========================================================================
Received Import Request.
  Time since last request: 0.000027 seconds.
  path: Assets/Items/Resources/Wheat Icon Coloured With Background Ashra.png
  artifactKey: Guid(e160408dcb1c3c141b5e427a819cf829) Importer(2089858483,b0f066a214c2f5e87bad3c948f4d605d)
Start importing Assets/Items/Resources/Wheat Icon Coloured With Background Ashra.png using Guid(e160408dcb1c3c141b5e427a819cf829) Importer(2089858483,b0f066a214c2f5e87bad3c948f4d605d) (ScriptedImporter) -> (artifact id: 'e42b9106185598c92e4daa43e35e678a') in 0.0480275 seconds
Number of updated asset objects reloaded before import = 0Number of asset objects unloaded after import = 3

========================================================================
Received Import Request.
  Time since last request: 0.000044 seconds.
  path: Assets/Items/Resources/Wheat Icon Coloured Ashra.png
  artifactKey: Guid(865fc7558127eaa4790ca66281973757) Importer(2089858483,b0f066a214c2f5e87bad3c948f4d605d)
Start importing Assets/Items/Resources/Wheat Icon Coloured Ashra.png using Guid(865fc7558127eaa4790ca66281973757) Importer(2089858483,b0f066a214c2f5e87bad3c948f4d605d) (ScriptedImporter) -> (artifact id: '6fcdca60a559449e8c94437bb5616dbb') in 0.0488333 seconds
Number of updated asset objects reloaded before import = 0Number of asset objects unloaded after import = 3

========================================================================
Received Import Request.
  Time since last request: 0.000072 seconds.
  path: Assets/Items/Resources/Wood Icon Ashra.png
  artifactKey: Guid(349ccdb6ce5d62940ac0c5df18d34b62) Importer(2089858483,b0f066a214c2f5e87bad3c948f4d605d)
Start importing Assets/Items/Resources/Wood Icon Ashra.png using Guid(349ccdb6ce5d62940ac0c5df18d34b62) Importer(2089858483,b0f066a214c2f5e87bad3c948f4d605d) (ScriptedImporter) -> (artifact id: '52bffcc770efc189b5947f2cb8629888') in 0.0388789 seconds
Number of updated asset objects reloaded before import = 0Number of asset objects unloaded after import = 3

========================================================================
Received Prepare
Refreshing native plugins compatible for Editor in 3.38 ms, found 3 plugins.
Preloading 0 native plugins for Editor in 0.00 ms.
Unloading 16 Unused Serialized files (Serialized files now loaded: 0)
Unloading 6200 unused Assets / (3.7 MB). Loaded Objects now: 7010.
Memory consumption went from 143.2 MB to 139.5 MB.
Total: 54.975500 ms (FindLiveObjects: 1.340900 ms CreateObjectMapping: 0.759200 ms MarkObjects: 50.028600 ms  DeleteObjects: 2.844600 ms)

Prepare: number of updated asset objects reloaded= 0
========================================================================
Received Import Request.
  Time since last request: 3.852431 seconds.
  path: Assets/Scripts/PlayerMovement.cs
  artifactKey: Guid(73f460215017b5b4984c80dc5922fbcf) Importer(2089858483,b0f066a214c2f5e87bad3c948f4d605d)
Start importing Assets/Scripts/PlayerMovement.cs using Guid(73f460215017b5b4984c80dc5922fbcf) Importer(2089858483,b0f066a214c2f5e87bad3c948f4d605d) (ScriptedImporter) -> (artifact id: '35b011fb566052c2ca501abb3bb3f71c') in 0.1110555 seconds
Number of updated asset objects reloaded before import = 0Number of asset objects unloaded after import = 0

========================================================================
Received Import Request.
  Time since last request: 0.000022 seconds.
  path: Assets/Scripts
  artifactKey: Guid(17d1a65f425c62148bae8315406ba10d) Importer(2089858483,b0f066a214c2f5e87bad3c948f4d605d)
Start importing Assets/Scripts using Guid(17d1a65f425c62148bae8315406ba10d) Importer(2089858483,b0f066a214c2f5e87bad3c948f4d605d) (ScriptedImporter) -> (artifact id: '07d1ee483b0a7f7108622f5982caf405') in 0.0343056 seconds
Number of updated asset objects reloaded before import = 0Number of asset objects unloaded after import = 1

========================================================================
Received Import Request.
  Time since last request: 0.000039 seconds.
  path: Assets/Scripts/CoinPickup.cs
  artifactKey: Guid(6a1e4af9df11eba4998ed7625ea46db1) Importer(2089858483,b0f066a214c2f5e87bad3c948f4d605d)
Start importing Assets/Scripts/CoinPickup.cs using Guid(6a1e4af9df11eba4998ed7625ea46db1) Importer(2089858483,b0f066a214c2f5e87bad3c948f4d605d) (ScriptedImporter) -> (artifact id: '464bf795a448742aac4d9b81dbad2f93') in 0.04367 seconds
Number of updated asset objects reloaded before import = 0Number of asset objects unloaded after import = 0

========================================================================
Received Import Request.
  Time since last request: 0.000020 seconds.
  path: Assets/Scripts/RepairShop.cs
  artifactKey: Guid(0354f89c6507ae147926a6fc16df0bb1) Importer(2089858483,b0f066a214c2f5e87bad3c948f4d605d)
Start importing Assets/Scripts/RepairShop.cs using Guid(0354f89c6507ae147926a6fc16df0bb1) Importer(2089858483,b0f066a214c2f5e87bad3c948f4d605d) (ScriptedImporter) -> (artifact id: 'e32495cfc3c63bf83233e26a502c1424') in 0.0669044 seconds
Number of updated asset objects reloaded before import = 0Number of asset objects unloaded after import = 0

========================================================================
Received Import Request.
  Time since last request: 0.000027 seconds.
  path: Assets/Scripts/PlayerSwordAttack.cs
  artifactKey: Guid(23d0866a67b43d24096e6d9cf1f1efbc) Importer(2089858483,b0f066a214c2f5e87bad3c948f4d605d)
Start importing Assets/Scripts/PlayerSwordAttack.cs using Guid(23d0866a67b43d24096e6d9cf1f1efbc) Importer(2089858483,b0f066a214c2f5e87bad3c948f4d605d) (ScriptedImporter) -> (artifact id: '458f5219b835b73fbcd3b6c04b42a484') in 0.0418289 seconds
Number of updated asset objects reloaded before import = 0Number of asset objects unloaded after import = 0

========================================================================
Received Import Request.
  Time since last request: 0.000033 seconds.
  path: Assets/Scripts/PlayerWood.cs
  artifactKey: Guid(810ee07962517174eb4010344794ffab) Importer(2089858483,b0f066a214c2f5e87bad3c948f4d605d)
Start importing Assets/Scripts/PlayerWood.cs using Guid(810ee07962517174eb4010344794ffab) Importer(2089858483,b0f066a214c2f5e87bad3c948f4d605d) (ScriptedImporter) -> (artifact id: '9dc5c072f278ff492877629cf0495e8f') in 0.0330829 seconds
Number of updated asset objects reloaded before import = 0Number of asset objects unloaded after import = 0

========================================================================
Received Import Request.
  Time since last request: 0.000029 seconds.
  path: Assets/Scripts/PlayerWheat.cs
  artifactKey: Guid(1a4e7230e6433c34284abffecec7aff1) Importer(2089858483,b0f066a214c2f5e87bad3c948f4d605d)
Start importing Assets/Scripts/PlayerWheat.cs using Guid(1a4e7230e6433c34284abffecec7aff1) Importer(2089858483,b0f066a214c2f5e87bad3c948f4d605d) (ScriptedImporter) -> (artifact id: 'eabc9642ca5894d7b288e6a5e0759842') in 0.0389045 seconds
Number of updated asset objects reloaded before import = 0Number of asset objects unloaded after import = 0

========================================================================
Received Import Request.
  Time since last request: 0.000025 seconds.
  path: Assets/Scripts/CraftingRecipes.cs
  artifactKey: Guid(12e5e41812cfb7e4e85d1bbfbe25a000) Importer(2089858483,b0f066a214c2f5e87bad3c948f4d605d)
Start importing Assets/Scripts/CraftingRecipes.cs using Guid(12e5e41812cfb7e4e85d1bbfbe25a000) Importer(2089858483,b0f066a214c2f5e87bad3c948f4d605d) (ScriptedImporter) -> (artifact id: '17ceb46a64a83b60b43f221875289ff2') in 0.0302906 seconds
Number of updated asset objects reloaded before import = 0Number of asset objects unloaded after import = 0

========================================================================
Received Import Request.
  Time since last request: 0.000030 seconds.
  path: Assets/Scripts/GameManager.cs
  artifactKey: Guid(b8ccd217dfb4b9b488ac4ff512d2b074) Importer(2089858483,b0f066a214c2f5e87bad3c948f4d605d)
Start importing Assets/Scripts/GameManager.cs using Guid(b8ccd217dfb4b9b488ac4ff512d2b074) Importer(2089858483,b0f066a214c2f5e87bad3c948f4d605d) (ScriptedImporter) -> (artifact id: '4d8e56503b9629f4f5b7c656b76bedb4') in 0.0374948 seconds
Number of updated asset objects reloaded before import = 0Number of asset objects unloaded after import = 0

========================================================================
Received Import Request.
  Time since last request: 0.000020 seconds.
  path: Assets/Scripts/VillagerAI.cs
  artifactKey: Guid(bf78738ad62a9c349bacebdbd424e8ed) Importer(2089858483,b0f066a214c2f5e87bad3c948f4d605d)
Start importing Assets/Scripts/VillagerAI.cs using Guid(bf78738ad62a9c349bacebdbd424e8ed) Importer(2089858483,b0f066a214c2f5e87bad3c948f4d605d) (ScriptedImporter) -> (artifact id: '587e28641cbf9d824283b77936692b93') in 0.0292602 seconds
Number of updated asset objects reloaded before import = 0Number of asset objects unloaded after import = 0

========================================================================
Received Import Request.
  Time since last request: 0.000023 seconds.
  path: Assets/Scripts/PlayerStone.cs
  artifactKey: Guid(9703499dcf1a43a4f8ec0db8a5ea87b6) Importer(2089858483,b0f066a214c2f5e87bad3c948f4d605d)
Start importing Assets/Scripts/PlayerStone.cs using Guid(9703499dcf1a43a4f8ec0db8a5ea87b6) Importer(2089858483,b0f066a214c2f5e87bad3c948f4d605d) (ScriptedImporter) -> (artifact id: '80277539549bbb5c37012c2ec6847c06') in 0.0321747 seconds
Number of updated asset objects reloaded before import = 0Number of asset objects unloaded after import = 0

========================================================================
Received Import Request.
  Time since last request: 0.000033 seconds.
  path: Assets/Scripts/WheatPickup.cs
  artifactKey: Guid(6686a1b598e1deb48b57abb9bd0bcbba) Importer(2089858483,b0f066a214c2f5e87bad3c948f4d605d)
Start importing Assets/Scripts/WheatPickup.cs using Guid(6686a1b598e1deb48b57abb9bd0bcbba) Importer(2089858483,b0f066a214c2f5e87bad3c948f4d605d) (ScriptedImporter) -> (artifact id: '27f901da38f249f39473db0758322847') in 0.0343039 seconds
Number of updated asset objects reloaded before import = 0Number of asset objects unloaded after import = 0

========================================================================
Received Import Request.
  Time since last request: 4.391669 seconds.
  path: Assets/Settings 1/Scenes
  artifactKey: Guid(d574b2fb4661c408f80aa76c0182931f) Importer(2089858483,b0f066a214c2f5e87bad3c948f4d605d)
Start importing Assets/Settings 1/Scenes using Guid(d574b2fb4661c408f80aa76c0182931f) Importer(2089858483,b0f066a214c2f5e87bad3c948f4d605d) (ScriptedImporter) -> (artifact id: 'a28039a7ccacb6e890645a6e8d0d573a') in 0.0370042 seconds
Number of updated asset objects reloaded before import = 0Number of asset objects unloaded after import = 1

========================================================================
Received Import Request.
  Time since last request: 0.000053 seconds.
  path: Assets/Settings 1/Lit2DSceneTemplate.scenetemplate
  artifactKey: Guid(d03ed43fc9d8a4f2e9fa70c1c7916eb9) Importer(2089858483,b0f066a214c2f5e87bad3c948f4d605d)
Start importing Assets/Settings 1/Lit2DSceneTemplate.scenetemplate using Guid(d03ed43fc9d8a4f2e9fa70c1c7916eb9) Importer(2089858483,b0f066a214c2f5e87bad3c948f4d605d) (ScriptedImporter) -> (artifact id: 'c09144360d796c701fecb1893e03f438') in 0.1925644 seconds
Number of updated asset objects reloaded before import = 0Number of asset objects unloaded after import = 3

========================================================================
Received Import Request.
  Time since last request: 0.000048 seconds.
  path: Assets/Settings 1
  artifactKey: Guid(5f6b2a9a121258b4ca5b046a87f14c7b) Importer(2089858483,b0f066a214c2f5e87bad3c948f4d605d)
Start importing Assets/Settings 1 using Guid(5f6b2a9a121258b4ca5b046a87f14c7b) Importer(2089858483,b0f066a214c2f5e87bad3c948f4d605d) (ScriptedImporter) -> (artifact id: '674ec9dcf760cc10eade810af47c6985') in 0.0297233 seconds
Number of updated asset objects reloaded before import = 0Number of asset objects unloaded after import = 1

========================================================================
Received Prepare
Begin MonoManager ReloadAssembly
[Licensing::Client] Successfully resolved entitlement details
- Loaded All Assemblies, in  4.029 seconds
Refreshing native plugins compatible for Editor in 3.43 ms, found 3 plugins.
Assertion failed on expression: 'pred(*previous, *i)'
Assertion failed on expression: 'pred(*previous, *i)'
Assertion failed on expression: 'pred(*previous, *i)'
Assertion failed on expression: 'pred(*previous, *i)'
Assertion failed on expression: 'pred(*previous, *i)'
Assertion failed on expression: 'pred(*previous, *i)'
Assertion failed on expression: 'pred(*previous, *i)'
Assertion failed on expression: 'pred(*previous, *i)'
Assertion failed on expression: 'pred(*previous, *i)'
Assertion failed on expression: 'pred(*previous, *i)'
Assertion failed on expression: 'pred(*previous, *i)'
Assertion failed on expression: 'pred(*previous, *i)'
Assertion failed on expression: 'pred(*previous, *i)'
Assertion failed on expression: 'pred(*previous, *i)'
Assertion failed on expression: 'pred(*previous, *i)'
Assertion failed on expression: 'pred(*previous, *i)'
Assertion failed on expression: 'pred(*previous, *i)'
Assertion failed on expression: 'pred(*previous, *i)'
Assertion failed on expression: 'pred(*previous, *i)'
Assertion failed on expression: 'pred(*previous, *i)'
Assertion failed on expression: 'pred(*previous, *i)'
Assertion failed on expression: 'pred(*previous, *i)'
Native extension for WindowsStandalone target not found
Native extension for WebGL target not found
[Package Manager] Failed to launch server process. Reason: Unity was launched with the -noUpm command-line argument
[Package Manager] Unable to send message (not connected to server process).
[Package Manager] Cannot connect to Unity Package Manager local server
ScheduleIndexationOnStartup MainProcess:False IndexOnStartup:True
Mono: successfully reloaded assembly
- Finished resetting the current domain, in  1.596 seconds
Domain Reload Profiling: 5617ms
	BeginReloadAssembly (890ms)
		ExecutionOrderSort (0ms)
		DisableScriptedObjects (28ms)
		BackupInstance (0ms)
		ReleaseScriptingObjects (1ms)
		CreateAndSetChildDomain (400ms)
	RebuildCommonClasses (63ms)
	RebuildNativeTypeToScriptingClass (21ms)
	initialDomainReloadingComplete (105ms)
	LoadAllAssembliesAndSetupDomain (2941ms)
		LoadAssemblies (2671ms)
		RebuildTransferFunctionScriptingTraits (0ms)
		AnalyzeDomain (549ms)
			TypeCache.Refresh (88ms)
				TypeCache.ScanAssembly (1ms)
			BuildScriptInfoCaches (436ms)
			ResolveRequiredComponents (16ms)
	FinalizeReload (1597ms)
		ReleaseScriptCaches (0ms)
		RebuildScriptCaches (0ms)
		SetupLoadedEditorAssemblies (1291ms)
			LogAssemblyErrors (0ms)
			InitializePlatformSupportModulesInManaged (4ms)
			SetLoadedEditorAssemblies (7ms)
			BeforeProcessingInitializeOnLoad (241ms)
			ProcessInitializeOnLoadAttributes (915ms)
			ProcessInitializeOnLoadMethodAttributes (112ms)
			AfterProcessingInitializeOnLoad (11ms)
			EditorAssembliesLoaded (1ms)
		ExecutionOrderSort2 (0ms)
		AwakeInstancesAfterBackupRestoration (28ms)
Refreshing native plugins compatible for Editor in 2.74 ms, found 3 plugins.
Preloading 0 native plugins for Editor in 0.00 ms.
Unloading 16 Unused Serialized files (Serialized files now loaded: 0)
Unloading 6205 unused Assets / (3.0 MB). Loaded Objects now: 7026.
Memory consumption went from 151.7 MB to 148.6 MB.
Total: 12.666200 ms (FindLiveObjects: 0.659300 ms CreateObjectMapping: 0.524500 ms MarkObjects: 8.391600 ms  DeleteObjects: 3.088800 ms)

Prepare: number of updated asset objects reloaded= 0
========================================================================
Received Import Request.
  Time since last request: 38.242533 seconds.
  path: Assets/Settings 1
  artifactKey: Guid(5f6b2a9a121258b4ca5b046a87f14c7b) Importer(815301076,1909f56bfc062723c751e8b465ee728b)
Start importing Assets/Settings 1 using Guid(5f6b2a9a121258b4ca5b046a87f14c7b) Importer(815301076,1909f56bfc062723c751e8b465ee728b) (PreviewImporter) -> (artifact id: 'ebb8dd93c8bf700f5e983b5b1cfc11d9') in 0.0137423 seconds
Number of updated asset objects reloaded before import = 0Number of asset objects unloaded after import = 0

========================================================================
Received Import Request.
  Time since last request: 1.878148 seconds.
  path: Assets/Settings
  artifactKey: Guid(709f11a7f3c4041caa4ef136ea32d874) Importer(815301076,1909f56bfc062723c751e8b465ee728b)
Start importing Assets/Settings using Guid(709f11a7f3c4041caa4ef136ea32d874) Importer(815301076,1909f56bfc062723c751e8b465ee728b) (PreviewImporter) -> (artifact id: 'c4b47d252bc4e8d77fd6334abcf5e3e8') in 0.0009669 seconds
Number of updated asset objects reloaded before import = 0Number of asset objects unloaded after import = 0

